
Memory Configuration

Name             Origin             Length             Attributes
*default*        0x0000000000000000 0xffffffffffffffff

Linker script and memory map

LOAD start.o
LOAD start.o
LOAD main.o
LOAD funcs.o
                0x0000000000002000                . = 0x2000

all             0x0000000000002000     0x2800
 *(*)
 .text          0x0000000000002000       0x1c start.o
 *fill*         0x000000000000201c        0x4 
 .text          0x0000000000002020       0x1c start.o
 .text          0x000000000000203c      0x4a9 main.o
                0x000000000000203c                _print_mem_map_entry
                0x000000000000216b                start
                0x00000000000022fb                bios_print_char
                0x000000000000231a                bios_print_str
                0x0000000000002355                bios_print_int
                0x0000000000002393                bios_print_hex
                0x00000000000023d1                bios_get_low_memory_in_kb
                0x0000000000002412                bios_detect_memory_map_e820
                0x00000000000024cf                bios_get_keystroke
 *fill*         0x00000000000024e5       0x1b 
 .data          0x0000000000002500       0x20 main.o
                0x0000000000002500                num_buff
 .bss           0x0000000000002520        0x8 main.o
                0x0000000000002520                boot_drive
                0x0000000000002524                buffer
 .rodata        0x0000000000002528       0xe0 main.o
 .comment       0x0000000000002608       0x13 main.o
 .text          0x000000000000261b      0x469 funcs.o
                0x00000000000026a9                itoa
                0x00000000000027b4                strlen
                0x00000000000027eb                strcpy
                0x000000000000283d                strcat
                0x00000000000028a5                memset
                0x00000000000028eb                memcpy
                0x0000000000002932                memcmp
                0x00000000000029a3                itosize
 .data          0x0000000000002a84        0x0 funcs.o
 .bss           0x0000000000002a84        0x0 funcs.o
 .rodata        0x0000000000002a84        0x6 funcs.o
 .comment       0x0000000000002a8a       0x13 funcs.o
 FILL mask 0x00
                0x0000000000002800                . = 0x2800
 *fill*         0x0000000000002a9d     0x1d63 00
OUTPUT(boot_loader2.bin binary)
